Archive member included to satisfy reference by file (symbol)

C:/Users/ferna/Documents/pos_emb_18se/CustomIDE/compiladores/avr/bin/../lib/gcc/avr/15.2.0/../../../../avr/lib/avr5\libprintf_flt.a(vfprintf_flt.o)
                              (vfprintf)
C:/Users/ferna/Documents/pos_emb_18se/CustomIDE/compiladores/avr/bin/../lib/gcc/avr/15.2.0/avr5\libgcc.a(_negsi2.o)
                              C:/Users/ferna/Documents/pos_emb_18se/CustomIDE/compiladores/avr/bin/../lib/gcc/avr/15.2.0/../../../../avr/lib/avr5\libprintf_flt.a(vfprintf_flt.o) (__negsi2)
C:/Users/ferna/Documents/pos_emb_18se/CustomIDE/compiladores/avr/bin/../lib/gcc/avr/15.2.0/avr5\libgcc.a(_exit.o)
                              C:/Users/ferna/Documents/pos_emb_18se/CustomIDE/compiladores/avr/bin/../lib/gcc/avr/15.2.0/../../../../avr/lib/avr5/crtatmega328p.o (exit)
C:/Users/ferna/Documents/pos_emb_18se/CustomIDE/compiladores/avr/bin/../lib/gcc/avr/15.2.0/avr5\libgcc.a(_prologue.o)
                              C:/Users/ferna/Documents/pos_emb_18se/CustomIDE/compiladores/avr/bin/../lib/gcc/avr/15.2.0/../../../../avr/lib/avr5\libprintf_flt.a(vfprintf_flt.o) (__prologue_saves__)
C:/Users/ferna/Documents/pos_emb_18se/CustomIDE/compiladores/avr/bin/../lib/gcc/avr/15.2.0/avr5\libgcc.a(_epilogue.o)
                              C:/Users/ferna/Documents/pos_emb_18se/CustomIDE/compiladores/avr/bin/../lib/gcc/avr/15.2.0/../../../../avr/lib/avr5\libprintf_flt.a(vfprintf_flt.o) (__epilogue_restores__)
C:/Users/ferna/Documents/pos_emb_18se/CustomIDE/compiladores/avr/bin/../lib/gcc/avr/15.2.0/../../../../avr/lib/avr5\libc.a(ftoa_engine.o)
                              C:/Users/ferna/Documents/pos_emb_18se/CustomIDE/compiladores/avr/bin/../lib/gcc/avr/15.2.0/../../../../avr/lib/avr5\libprintf_flt.a(vfprintf_flt.o) (__ftoa_engine)
C:/Users/ferna/Documents/pos_emb_18se/CustomIDE/compiladores/avr/bin/../lib/gcc/avr/15.2.0/../../../../avr/lib/avr5\libc.a(strnlen_P.o)
                              C:/Users/ferna/Documents/pos_emb_18se/CustomIDE/compiladores/avr/bin/../lib/gcc/avr/15.2.0/../../../../avr/lib/avr5\libprintf_flt.a(vfprintf_flt.o) (strnlen_P)
C:/Users/ferna/Documents/pos_emb_18se/CustomIDE/compiladores/avr/bin/../lib/gcc/avr/15.2.0/../../../../avr/lib/avr5\libc.a(strnlen.o)
                              C:/Users/ferna/Documents/pos_emb_18se/CustomIDE/compiladores/avr/bin/../lib/gcc/avr/15.2.0/../../../../avr/lib/avr5\libprintf_flt.a(vfprintf_flt.o) (strnlen)
C:/Users/ferna/Documents/pos_emb_18se/CustomIDE/compiladores/avr/bin/../lib/gcc/avr/15.2.0/../../../../avr/lib/avr5\libc.a(fputc.o)
                              C:/Users/ferna/Documents/pos_emb_18se/CustomIDE/compiladores/avr/bin/../lib/gcc/avr/15.2.0/../../../../avr/lib/avr5\libprintf_flt.a(vfprintf_flt.o) (fputc)
C:/Users/ferna/Documents/pos_emb_18se/CustomIDE/compiladores/avr/bin/../lib/gcc/avr/15.2.0/../../../../avr/lib/avr5\libc.a(ultoa_invert.o)
                              C:/Users/ferna/Documents/pos_emb_18se/CustomIDE/compiladores/avr/bin/../lib/gcc/avr/15.2.0/../../../../avr/lib/avr5\libprintf_flt.a(vfprintf_flt.o) (__ultoa_invert)

There are no discarded input sections

Memory Configuration

Name             Origin             Length             Attributes
text             0x00000000         0x00008000         xr
data             0x00800100         0x00000800         rw!x
eeprom           0x00810000         0x00000400         rw!x
fuse             0x00820000         0x00000003         rw!x
lock             0x00830000         0x00000400         rw!x
signature        0x00840000         0x00000400         rw!x
user_signatures  0x00850000         0x00000400         rw!x
*default*        0x00000000         0xffffffff

Linker script and memory map

Address of section .data set to 0x800100
LOAD C:/Users/ferna/Documents/pos_emb_18se/CustomIDE/compiladores/avr/bin/../lib/gcc/avr/15.2.0/../../../../avr/lib/avr5/crtatmega328p.o
LOAD main.o
LOAD C:/Users/ferna/Documents/pos_emb_18se/CustomIDE/compiladores/avr/bin/../lib/gcc/avr/15.2.0/../../../../avr/lib/avr5\libprintf_flt.a
LOAD C:/Users/ferna/Documents/pos_emb_18se/CustomIDE/compiladores/avr/bin/../lib/gcc/avr/15.2.0/avr5\libgcc.a
LOAD C:/Users/ferna/Documents/pos_emb_18se/CustomIDE/compiladores/avr/bin/../lib/gcc/avr/15.2.0/../../../../avr/lib/avr5\libm.a
START GROUP
LOAD C:/Users/ferna/Documents/pos_emb_18se/CustomIDE/compiladores/avr/bin/../lib/gcc/avr/15.2.0/avr5\libgcc.a
LOAD C:/Users/ferna/Documents/pos_emb_18se/CustomIDE/compiladores/avr/bin/../lib/gcc/avr/15.2.0/../../../../avr/lib/avr5\libm.a
LOAD C:/Users/ferna/Documents/pos_emb_18se/CustomIDE/compiladores/avr/bin/../lib/gcc/avr/15.2.0/../../../../avr/lib/avr5\libc.a
LOAD C:/Users/ferna/Documents/pos_emb_18se/CustomIDE/compiladores/avr/bin/../lib/gcc/avr/15.2.0/../../../../avr/lib/avr5\libatmega328p.a
END GROUP
                [0x00000000]                      __TEXT_REGION_ORIGIN__ = DEFINED (__TEXT_REGION_ORIGIN__)?__TEXT_REGION_ORIGIN__:0x0
                [0x00008000]                      __TEXT_REGION_LENGTH__ = DEFINED (__TEXT_REGION_LENGTH__)?__TEXT_REGION_LENGTH__:0x20000
                [0x00800100]                      __DATA_REGION_ORIGIN__ = DEFINED (__DATA_REGION_ORIGIN__)?__DATA_REGION_ORIGIN__:0x800060
                [0x00000800]                      __DATA_REGION_LENGTH__ = DEFINED (__DATA_REGION_LENGTH__)?__DATA_REGION_LENGTH__:0xffa0
                [0x00000400]                      __EEPROM_REGION_LENGTH__ = DEFINED (__EEPROM_REGION_LENGTH__)?__EEPROM_REGION_LENGTH__:0x10000
                [0x00000003]                      __FUSE_REGION_LENGTH__ = DEFINED (__FUSE_REGION_LENGTH__)?__FUSE_REGION_LENGTH__:0x400
                0x00000400                        __LOCK_REGION_LENGTH__ = DEFINED (__LOCK_REGION_LENGTH__)?__LOCK_REGION_LENGTH__:0x400
                0x00000400                        __SIGNATURE_REGION_LENGTH__ = DEFINED (__SIGNATURE_REGION_LENGTH__)?__SIGNATURE_REGION_LENGTH__:0x400
                0x00000400                        __USER_SIGNATURE_REGION_LENGTH__ = DEFINED (__USER_SIGNATURE_REGION_LENGTH__)?__USER_SIGNATURE_REGION_LENGTH__:0x400

.hash
 *(.hash)

.dynsym
 *(.dynsym)

.dynstr
 *(.dynstr)

.gnu.version
 *(.gnu.version)

.gnu.version_d
 *(.gnu.version_d)

.gnu.version_r
 *(.gnu.version_r)

.rel.init
 *(.rel.init)

.rela.init
 *(.rela.init)

.rel.text
 *(.rel.text)
 *(.rel.text.*)
 *(.rel.gnu.linkonce.t*)

.rela.text
 *(.rela.text)
 *(.rela.text.*)
 *(.rela.gnu.linkonce.t*)

.rel.fini
 *(.rel.fini)

.rela.fini
 *(.rela.fini)

.rel.rodata
 *(.rel.rodata)
 *(.rel.rodata.*)
 *(.rel.gnu.linkonce.r*)

.rela.rodata
 *(.rela.rodata)
 *(.rela.rodata.*)
 *(.rela.gnu.linkonce.r*)

.rel.data
 *(.rel.data)
 *(.rel.data.*)
 *(.rel.gnu.linkonce.d*)

.rela.data
 *(.rela.data)
 *(.rela.data.*)
 *(.rela.gnu.linkonce.d*)

.rel.ctors
 *(.rel.ctors)

.rela.ctors
 *(.rela.ctors)

.rel.dtors
 *(.rel.dtors)

.rela.dtors
 *(.rela.dtors)

.rel.got
 *(.rel.got)

.rela.got
 *(.rela.got)

.rel.bss
 *(.rel.bss)

.rela.bss
 *(.rela.bss)

.rel.plt
 *(.rel.plt)

.rela.plt
 *(.rela.plt)

.text           0x00000000      0xc52
 *(.vectors)
 .vectors       0x00000000       0x68 C:/Users/ferna/Documents/pos_emb_18se/CustomIDE/compiladores/avr/bin/../lib/gcc/avr/15.2.0/../../../../avr/lib/avr5/crtatmega328p.o
                0x00000000                __vector_default
                0x00000000                __vectors
 *(.vectors)
                0x00000068                        __progmem_start = .
 *(.progmem)
 *(.progmem.*)
 .progmem.data  0x00000068        0x8 C:/Users/ferna/Documents/pos_emb_18se/CustomIDE/compiladores/avr/bin/../lib/gcc/avr/15.2.0/../../../../avr/lib/avr5\libprintf_flt.a(vfprintf_flt.o)
                0x00000070                        __progmem_end = .
                0x00000001                        ASSERT (((__progmem_start == __progmem_end) || (__progmem_end <= 0x10000)), .progmem section exceeds 0x10000)
                0x00000070                        . = ALIGN (0x2)
                0x00000070                        __trampolines_start = .
 *(.trampolines)
 .trampolines   0x00000070        0x0 linker stubs
 *(.trampolines*)
                0x00000070                        __trampolines_end = .
                0x00000070                        . = ALIGN (0x2)
 *(.lowtext)
 *(.lowtext*)
                0x00000070                        __ctors_start = .
 *(.ctors)
                0x00000070                        __ctors_end = .
                0x00000070                        __dtors_start = .
 *(.dtors)
                0x00000070                        __dtors_end = .
 SORT_BY_NAME(*)(.ctors)
 SORT_BY_NAME(*)(.dtors)
 *(.init0)
 .init0         0x00000070        0x0 C:/Users/ferna/Documents/pos_emb_18se/CustomIDE/compiladores/avr/bin/../lib/gcc/avr/15.2.0/../../../../avr/lib/avr5/crtatmega328p.o
                0x00000070                __init
 *(.init0)
 *(.init1)
 *(.init1)
 *(.init2)
 .init2         0x00000070        0xc C:/Users/ferna/Documents/pos_emb_18se/CustomIDE/compiladores/avr/bin/../lib/gcc/avr/15.2.0/../../../../avr/lib/avr5/crtatmega328p.o
 *(.init2)
 *(.init3)
 *(.init3)
 *(.init4)
 *(.init4)
 *(.init5)
 *(.init5)
 *(.init6)
 *(.init6)
 *(.init7)
 *(.init7)
 *(.init8)
 *(.init8)
 *(.init9)
 .init9         0x0000007c        0x8 C:/Users/ferna/Documents/pos_emb_18se/CustomIDE/compiladores/avr/bin/../lib/gcc/avr/15.2.0/../../../../avr/lib/avr5/crtatmega328p.o
 *(.init9)
 *(.text)
 .text          0x00000084        0x4 C:/Users/ferna/Documents/pos_emb_18se/CustomIDE/compiladores/avr/bin/../lib/gcc/avr/15.2.0/../../../../avr/lib/avr5/crtatmega328p.o
                0x00000084                __vector_22
                0x00000084                __vector_1
                0x00000084                __vector_24
                0x00000084                __vector_12
                0x00000084                __bad_interrupt
                0x00000084                __vector_6
                0x00000084                __vector_3
                0x00000084                __vector_23
                0x00000084                __vector_25
                0x00000084                __vector_11
                0x00000084                __vector_13
                0x00000084                __vector_17
                0x00000084                __vector_19
                0x00000084                __vector_7
                0x00000084                __vector_5
                0x00000084                __vector_4
                0x00000084                __vector_9
                0x00000084                __vector_2
                0x00000084                __vector_21
                0x00000084                __vector_15
                0x00000084                __vector_8
                0x00000084                __vector_14
                0x00000084                __vector_10
                0x00000084                __vector_16
                0x00000084                __vector_18
                0x00000084                __vector_20
 .text          0x00000088        0x0 main.o
 .text          0x00000088        0x0 C:/Users/ferna/Documents/pos_emb_18se/CustomIDE/compiladores/avr/bin/../lib/gcc/avr/15.2.0/../../../../avr/lib/avr5\libprintf_flt.a(vfprintf_flt.o)
 .text          0x00000088        0x0 C:/Users/ferna/Documents/pos_emb_18se/CustomIDE/compiladores/avr/bin/../lib/gcc/avr/15.2.0/avr5\libgcc.a(_negsi2.o)
 .text          0x00000088        0x0 C:/Users/ferna/Documents/pos_emb_18se/CustomIDE/compiladores/avr/bin/../lib/gcc/avr/15.2.0/avr5\libgcc.a(_exit.o)
 .text          0x00000088        0x0 C:/Users/ferna/Documents/pos_emb_18se/CustomIDE/compiladores/avr/bin/../lib/gcc/avr/15.2.0/avr5\libgcc.a(_prologue.o)
 .text          0x00000088        0x0 C:/Users/ferna/Documents/pos_emb_18se/CustomIDE/compiladores/avr/bin/../lib/gcc/avr/15.2.0/avr5\libgcc.a(_epilogue.o)
 .text          0x00000088        0x0 C:/Users/ferna/Documents/pos_emb_18se/CustomIDE/compiladores/avr/bin/../lib/gcc/avr/15.2.0/../../../../avr/lib/avr5\libc.a(ftoa_engine.o)
 .text          0x00000088        0x0 C:/Users/ferna/Documents/pos_emb_18se/CustomIDE/compiladores/avr/bin/../lib/gcc/avr/15.2.0/../../../../avr/lib/avr5\libc.a(strnlen_P.o)
 .text          0x00000088        0x0 C:/Users/ferna/Documents/pos_emb_18se/CustomIDE/compiladores/avr/bin/../lib/gcc/avr/15.2.0/../../../../avr/lib/avr5\libc.a(strnlen.o)
 .text          0x00000088        0x0 C:/Users/ferna/Documents/pos_emb_18se/CustomIDE/compiladores/avr/bin/../lib/gcc/avr/15.2.0/../../../../avr/lib/avr5\libc.a(fputc.o)
 .text          0x00000088        0x0 C:/Users/ferna/Documents/pos_emb_18se/CustomIDE/compiladores/avr/bin/../lib/gcc/avr/15.2.0/../../../../avr/lib/avr5\libc.a(ultoa_invert.o)
                0x00000088                        . = ALIGN (0x2)
 *(.text.*)
 .text.startup  0x00000088       0x2c main.o
                0x00000088                main
 .text.avr-libc
                0x000000b4      0x708 C:/Users/ferna/Documents/pos_emb_18se/CustomIDE/compiladores/avr/bin/../lib/gcc/avr/15.2.0/../../../../avr/lib/avr5\libprintf_flt.a(vfprintf_flt.o)
                0x000000b4                vfprintf
 .text.libgcc.mul
                0x000007bc        0x0 C:/Users/ferna/Documents/pos_emb_18se/CustomIDE/compiladores/avr/bin/../lib/gcc/avr/15.2.0/avr5\libgcc.a(_negsi2.o)
 .text.libgcc.div
                0x000007bc       0x10 C:/Users/ferna/Documents/pos_emb_18se/CustomIDE/compiladores/avr/bin/../lib/gcc/avr/15.2.0/avr5\libgcc.a(_negsi2.o)
                0x000007bc                __negsi2
 .text.libgcc   0x000007cc        0x0 C:/Users/ferna/Documents/pos_emb_18se/CustomIDE/compiladores/avr/bin/../lib/gcc/avr/15.2.0/avr5\libgcc.a(_negsi2.o)
 .text.libgcc.prologue
                0x000007cc        0x0 C:/Users/ferna/Documents/pos_emb_18se/CustomIDE/compiladores/avr/bin/../lib/gcc/avr/15.2.0/avr5\libgcc.a(_negsi2.o)
 .text.libgcc.builtins
                0x000007cc        0x0 C:/Users/ferna/Documents/pos_emb_18se/CustomIDE/compiladores/avr/bin/../lib/gcc/avr/15.2.0/avr5\libgcc.a(_negsi2.o)
 .text.libgcc.fmul
                0x000007cc        0x0 C:/Users/ferna/Documents/pos_emb_18se/CustomIDE/compiladores/avr/bin/../lib/gcc/avr/15.2.0/avr5\libgcc.a(_negsi2.o)
 .text.libgcc.fixed
                0x000007cc        0x0 C:/Users/ferna/Documents/pos_emb_18se/CustomIDE/compiladores/avr/bin/../lib/gcc/avr/15.2.0/avr5\libgcc.a(_negsi2.o)
 .text.libgcc.mul
                0x000007cc        0x0 C:/Users/ferna/Documents/pos_emb_18se/CustomIDE/compiladores/avr/bin/../lib/gcc/avr/15.2.0/avr5\libgcc.a(_exit.o)
 .text.libgcc.div
                0x000007cc        0x0 C:/Users/ferna/Documents/pos_emb_18se/CustomIDE/compiladores/avr/bin/../lib/gcc/avr/15.2.0/avr5\libgcc.a(_exit.o)
 .text.libgcc   0x000007cc        0x0 C:/Users/ferna/Documents/pos_emb_18se/CustomIDE/compiladores/avr/bin/../lib/gcc/avr/15.2.0/avr5\libgcc.a(_exit.o)
 .text.libgcc.prologue
                0x000007cc        0x0 C:/Users/ferna/Documents/pos_emb_18se/CustomIDE/compiladores/avr/bin/../lib/gcc/avr/15.2.0/avr5\libgcc.a(_exit.o)
 .text.libgcc.builtins
                0x000007cc        0x0 C:/Users/ferna/Documents/pos_emb_18se/CustomIDE/compiladores/avr/bin/../lib/gcc/avr/15.2.0/avr5\libgcc.a(_exit.o)
 .text.libgcc.fmul
                0x000007cc        0x0 C:/Users/ferna/Documents/pos_emb_18se/CustomIDE/compiladores/avr/bin/../lib/gcc/avr/15.2.0/avr5\libgcc.a(_exit.o)
 .text.libgcc.fixed
                0x000007cc        0x0 C:/Users/ferna/Documents/pos_emb_18se/CustomIDE/compiladores/avr/bin/../lib/gcc/avr/15.2.0/avr5\libgcc.a(_exit.o)
 .text.libgcc.mul
                0x000007cc        0x0 C:/Users/ferna/Documents/pos_emb_18se/CustomIDE/compiladores/avr/bin/../lib/gcc/avr/15.2.0/avr5\libgcc.a(_prologue.o)
 .text.libgcc.div
                0x000007cc        0x0 C:/Users/ferna/Documents/pos_emb_18se/CustomIDE/compiladores/avr/bin/../lib/gcc/avr/15.2.0/avr5\libgcc.a(_prologue.o)
 .text.libgcc   0x000007cc        0x0 C:/Users/ferna/Documents/pos_emb_18se/CustomIDE/compiladores/avr/bin/../lib/gcc/avr/15.2.0/avr5\libgcc.a(_prologue.o)
 .text.libgcc.prologue
                0x000007cc       0x38 C:/Users/ferna/Documents/pos_emb_18se/CustomIDE/compiladores/avr/bin/../lib/gcc/avr/15.2.0/avr5\libgcc.a(_prologue.o)
                0x000007cc                __prologue_saves__
 .text.libgcc.builtins
                0x00000804        0x0 C:/Users/ferna/Documents/pos_emb_18se/CustomIDE/compiladores/avr/bin/../lib/gcc/avr/15.2.0/avr5\libgcc.a(_prologue.o)
 .text.libgcc.fmul
                0x00000804        0x0 C:/Users/ferna/Documents/pos_emb_18se/CustomIDE/compiladores/avr/bin/../lib/gcc/avr/15.2.0/avr5\libgcc.a(_prologue.o)
 .text.libgcc.fixed
                0x00000804        0x0 C:/Users/ferna/Documents/pos_emb_18se/CustomIDE/compiladores/avr/bin/../lib/gcc/avr/15.2.0/avr5\libgcc.a(_prologue.o)
 .text.libgcc.mul
                0x00000804        0x0 C:/Users/ferna/Documents/pos_emb_18se/CustomIDE/compiladores/avr/bin/../lib/gcc/avr/15.2.0/avr5\libgcc.a(_epilogue.o)
 .text.libgcc.div
                0x00000804        0x0 C:/Users/ferna/Documents/pos_emb_18se/CustomIDE/compiladores/avr/bin/../lib/gcc/avr/15.2.0/avr5\libgcc.a(_epilogue.o)
 .text.libgcc   0x00000804        0x0 C:/Users/ferna/Documents/pos_emb_18se/CustomIDE/compiladores/avr/bin/../lib/gcc/avr/15.2.0/avr5\libgcc.a(_epilogue.o)
 .text.libgcc.prologue
                0x00000804       0x36 C:/Users/ferna/Documents/pos_emb_18se/CustomIDE/compiladores/avr/bin/../lib/gcc/avr/15.2.0/avr5\libgcc.a(_epilogue.o)
                0x00000804                __epilogue_restores__
 .text.libgcc.builtins
                0x0000083a        0x0 C:/Users/ferna/Documents/pos_emb_18se/CustomIDE/compiladores/avr/bin/../lib/gcc/avr/15.2.0/avr5\libgcc.a(_epilogue.o)
 .text.libgcc.fmul
                0x0000083a        0x0 C:/Users/ferna/Documents/pos_emb_18se/CustomIDE/compiladores/avr/bin/../lib/gcc/avr/15.2.0/avr5\libgcc.a(_epilogue.o)
 .text.libgcc.fixed
                0x0000083a        0x0 C:/Users/ferna/Documents/pos_emb_18se/CustomIDE/compiladores/avr/bin/../lib/gcc/avr/15.2.0/avr5\libgcc.a(_epilogue.o)
 .text.avr-libc
                0x0000083a      0x1b0 C:/Users/ferna/Documents/pos_emb_18se/CustomIDE/compiladores/avr/bin/../lib/gcc/avr/15.2.0/../../../../avr/lib/avr5\libc.a(ftoa_engine.o)
                0x0000083a                __ftoa_engine
 .text.avr-libc
                0x000009ea       0x16 C:/Users/ferna/Documents/pos_emb_18se/CustomIDE/compiladores/avr/bin/../lib/gcc/avr/15.2.0/../../../../avr/lib/avr5\libc.a(strnlen_P.o)
                0x000009ea                strnlen_P
 .text.avr-libc
                0x00000a00       0x16 C:/Users/ferna/Documents/pos_emb_18se/CustomIDE/compiladores/avr/bin/../lib/gcc/avr/15.2.0/../../../../avr/lib/avr5\libc.a(strnlen.o)
                0x00000a00                strnlen
 .text.avr-libc
                0x00000a16       0x82 C:/Users/ferna/Documents/pos_emb_18se/CustomIDE/compiladores/avr/bin/../lib/gcc/avr/15.2.0/../../../../avr/lib/avr5\libc.a(fputc.o)
                0x00000a16                fputc
 .text.avr-libc
                0x00000a98       0xbc C:/Users/ferna/Documents/pos_emb_18se/CustomIDE/compiladores/avr/bin/../lib/gcc/avr/15.2.0/../../../../avr/lib/avr5\libc.a(ultoa_invert.o)
                0x00000a98                __ultoa_invert
                0x00000b54                        . = ALIGN (0x2)
 *(.fini9)
 .fini9         0x00000b54        0x0 C:/Users/ferna/Documents/pos_emb_18se/CustomIDE/compiladores/avr/bin/../lib/gcc/avr/15.2.0/avr5\libgcc.a(_exit.o)
                0x00000b54                _exit
                0x00000b54                exit
 *(.fini9)
 *(.fini8)
 *(.fini8)
 *(.fini7)
 *(.fini7)
 *(.fini6)
 *(.fini6)
 *(.fini5)
 *(.fini5)
 *(.fini4)
 *(.fini4)
 *(.fini3)
 *(.fini3)
 *(.fini2)
 *(.fini2)
 *(.fini1)
 *(.fini1)
 *(.fini0)
 .fini0         0x00000b54        0x4 C:/Users/ferna/Documents/pos_emb_18se/CustomIDE/compiladores/avr/bin/../lib/gcc/avr/15.2.0/avr5\libgcc.a(_exit.o)
 *(.fini0)
 *(.hightext)
 *(.hightext*)
 *(.progmemx)
 *(.progmemx.*)
 .progmemx.data.ftoa_engine
                0x00000b58       0xfa C:/Users/ferna/Documents/pos_emb_18se/CustomIDE/compiladores/avr/bin/../lib/gcc/avr/15.2.0/../../../../avr/lib/avr5\libc.a(ftoa_engine.o)
                0x00000c52                        . = ALIGN (0x2)
 *(.jumptables)
 *(.jumptables*)
                0x00000c52                        _etext = .

.data           0x00800100        0x0 load address 0x00000c52
                [!provide]                        PROVIDE (__data_start = .)
 *(.data)
 .data          0x00800100        0x0 C:/Users/ferna/Documents/pos_emb_18se/CustomIDE/compiladores/avr/bin/../lib/gcc/avr/15.2.0/../../../../avr/lib/avr5/crtatmega328p.o
 .data          0x00800100        0x0 main.o
 .data          0x00800100        0x0 C:/Users/ferna/Documents/pos_emb_18se/CustomIDE/compiladores/avr/bin/../lib/gcc/avr/15.2.0/../../../../avr/lib/avr5\libprintf_flt.a(vfprintf_flt.o)
 .data          0x00800100        0x0 C:/Users/ferna/Documents/pos_emb_18se/CustomIDE/compiladores/avr/bin/../lib/gcc/avr/15.2.0/avr5\libgcc.a(_negsi2.o)
 .data          0x00800100        0x0 C:/Users/ferna/Documents/pos_emb_18se/CustomIDE/compiladores/avr/bin/../lib/gcc/avr/15.2.0/avr5\libgcc.a(_exit.o)
 .data          0x00800100        0x0 C:/Users/ferna/Documents/pos_emb_18se/CustomIDE/compiladores/avr/bin/../lib/gcc/avr/15.2.0/avr5\libgcc.a(_prologue.o)
 .data          0x00800100        0x0 C:/Users/ferna/Documents/pos_emb_18se/CustomIDE/compiladores/avr/bin/../lib/gcc/avr/15.2.0/avr5\libgcc.a(_epilogue.o)
 .data          0x00800100        0x0 C:/Users/ferna/Documents/pos_emb_18se/CustomIDE/compiladores/avr/bin/../lib/gcc/avr/15.2.0/../../../../avr/lib/avr5\libc.a(ftoa_engine.o)
 .data          0x00800100        0x0 C:/Users/ferna/Documents/pos_emb_18se/CustomIDE/compiladores/avr/bin/../lib/gcc/avr/15.2.0/../../../../avr/lib/avr5\libc.a(strnlen_P.o)
 .data          0x00800100        0x0 C:/Users/ferna/Documents/pos_emb_18se/CustomIDE/compiladores/avr/bin/../lib/gcc/avr/15.2.0/../../../../avr/lib/avr5\libc.a(strnlen.o)
 .data          0x00800100        0x0 C:/Users/ferna/Documents/pos_emb_18se/CustomIDE/compiladores/avr/bin/../lib/gcc/avr/15.2.0/../../../../avr/lib/avr5\libc.a(fputc.o)
 .data          0x00800100        0x0 C:/Users/ferna/Documents/pos_emb_18se/CustomIDE/compiladores/avr/bin/../lib/gcc/avr/15.2.0/../../../../avr/lib/avr5\libc.a(ultoa_invert.o)
 *(.data*)
 *(.gnu.linkonce.d*)
 *(.rodata)
 *(.rodata*)
 *(.gnu.linkonce.r*)
                0x00800100                        . = ALIGN (0x2)
                0x00800100                        _edata = .
                [!provide]                        PROVIDE (__data_end = .)

.bss            0x00800100        0x0
                [!provide]                        PROVIDE (__bss_start = .)
 *(.bss)
 .bss           0x00800100        0x0 C:/Users/ferna/Documents/pos_emb_18se/CustomIDE/compiladores/avr/bin/../lib/gcc/avr/15.2.0/../../../../avr/lib/avr5/crtatmega328p.o
 .bss           0x00800100        0x0 main.o
 .bss           0x00800100        0x0 C:/Users/ferna/Documents/pos_emb_18se/CustomIDE/compiladores/avr/bin/../lib/gcc/avr/15.2.0/../../../../avr/lib/avr5\libprintf_flt.a(vfprintf_flt.o)
 .bss           0x00800100        0x0 C:/Users/ferna/Documents/pos_emb_18se/CustomIDE/compiladores/avr/bin/../lib/gcc/avr/15.2.0/avr5\libgcc.a(_negsi2.o)
 .bss           0x00800100        0x0 C:/Users/ferna/Documents/pos_emb_18se/CustomIDE/compiladores/avr/bin/../lib/gcc/avr/15.2.0/avr5\libgcc.a(_exit.o)
 .bss           0x00800100        0x0 C:/Users/ferna/Documents/pos_emb_18se/CustomIDE/compiladores/avr/bin/../lib/gcc/avr/15.2.0/avr5\libgcc.a(_prologue.o)
 .bss           0x00800100        0x0 C:/Users/ferna/Documents/pos_emb_18se/CustomIDE/compiladores/avr/bin/../lib/gcc/avr/15.2.0/avr5\libgcc.a(_epilogue.o)
 .bss           0x00800100        0x0 C:/Users/ferna/Documents/pos_emb_18se/CustomIDE/compiladores/avr/bin/../lib/gcc/avr/15.2.0/../../../../avr/lib/avr5\libc.a(ftoa_engine.o)
 .bss           0x00800100        0x0 C:/Users/ferna/Documents/pos_emb_18se/CustomIDE/compiladores/avr/bin/../lib/gcc/avr/15.2.0/../../../../avr/lib/avr5\libc.a(strnlen_P.o)
 .bss           0x00800100        0x0 C:/Users/ferna/Documents/pos_emb_18se/CustomIDE/compiladores/avr/bin/../lib/gcc/avr/15.2.0/../../../../avr/lib/avr5\libc.a(strnlen.o)
 .bss           0x00800100        0x0 C:/Users/ferna/Documents/pos_emb_18se/CustomIDE/compiladores/avr/bin/../lib/gcc/avr/15.2.0/../../../../avr/lib/avr5\libc.a(fputc.o)
 .bss           0x00800100        0x0 C:/Users/ferna/Documents/pos_emb_18se/CustomIDE/compiladores/avr/bin/../lib/gcc/avr/15.2.0/../../../../avr/lib/avr5\libc.a(ultoa_invert.o)
 *(.bss*)
 *(COMMON)
                [!provide]                        PROVIDE (__bss_end = .)
                0x00000c52                        __data_load_start = LOADADDR (.data)
                0x00000c52                        __data_load_end = (__data_load_start + SIZEOF (.data))

.noinit         0x00800100        0x0
                [!provide]                        PROVIDE (__noinit_start = .)
 *(.noinit .noinit.* .gnu.linkonce.n.*)
                [!provide]                        PROVIDE (__noinit_end = .)
                0x00800100                        _end = .
                [!provide]                        PROVIDE (__heap_start = .)
                0x00000000                        __flmap_init_label = DEFINED (__flmap_noinit_start)?__flmap_noinit_start:0x0
                0x00000000                        __flmap = DEFINED (__flmap)?__flmap:0x0

.eeprom         0x00810000        0x0
 *(.eeprom*)
                0x00810000                        __eeprom_end = .

.fuse
 *(.fuse)
 *(.lfuse)
 *(.hfuse)
 *(.efuse)

.lock
 *(.lock*)

.signature
 *(.signature*)

.stab
 *(.stab)

.stabstr
 *(.stabstr)

.stab.excl
 *(.stab.excl)

.stab.exclstr
 *(.stab.exclstr)

.stab.index
 *(.stab.index)

.stab.indexstr
 *(.stab.indexstr)

.comment        0x00000000       0x12
 *(.comment)
 .comment       0x00000000       0x12 main.o
                                 0x13 (size before relaxing)
 .comment       0x00000012        0x0 C:/Users/ferna/Documents/pos_emb_18se/CustomIDE/compiladores/avr/bin/../lib/gcc/avr/15.2.0/../../../../avr/lib/avr5\libprintf_flt.a(vfprintf_flt.o)
                                 0x13 (size before relaxing)
 .comment       0x00000012        0x0 C:/Users/ferna/Documents/pos_emb_18se/CustomIDE/compiladores/avr/bin/../lib/gcc/avr/15.2.0/../../../../avr/lib/avr5\libc.a(fputc.o)
                                 0x13 (size before relaxing)

.note.gnu.avr.deviceinfo
                0x00000000       0x40
 .note.gnu.avr.deviceinfo
                0x00000000       0x40 C:/Users/ferna/Documents/pos_emb_18se/CustomIDE/compiladores/avr/bin/../lib/gcc/avr/15.2.0/../../../../avr/lib/avr5/crtatmega328p.o

.gnu.build.attributes
 *(.gnu.build.attributes .gnu.build.attributes.*)

.note.gnu.build-id
 *(.note.gnu.build-id)

.debug
 *(.debug)

.line
 *(.line)

.debug_srcinfo
 *(.debug_srcinfo)

.debug_sfnames
 *(.debug_sfnames)

.debug_aranges  0x00000000       0x80
 *(.debug_aranges)
 .debug_aranges
                0x00000000       0x20 C:/Users/ferna/Documents/pos_emb_18se/CustomIDE/compiladores/avr/bin/../lib/gcc/avr/15.2.0/avr5\libgcc.a(_negsi2.o)
 .debug_aranges
                0x00000020       0x20 C:/Users/ferna/Documents/pos_emb_18se/CustomIDE/compiladores/avr/bin/../lib/gcc/avr/15.2.0/avr5\libgcc.a(_exit.o)
 .debug_aranges
                0x00000040       0x20 C:/Users/ferna/Documents/pos_emb_18se/CustomIDE/compiladores/avr/bin/../lib/gcc/avr/15.2.0/avr5\libgcc.a(_prologue.o)
 .debug_aranges
                0x00000060       0x20 C:/Users/ferna/Documents/pos_emb_18se/CustomIDE/compiladores/avr/bin/../lib/gcc/avr/15.2.0/avr5\libgcc.a(_epilogue.o)

.debug_pubnames
 *(.debug_pubnames)

.debug_info     0x00000000      0x684
 *(.debug_info .gnu.linkonce.wi.*)
 .debug_info    0x00000000      0x5f4 C:/Users/ferna/Documents/pos_emb_18se/CustomIDE/compiladores/avr/bin/../lib/gcc/avr/15.2.0/../../../../avr/lib/avr5/crtatmega328p.o
 .debug_info    0x000005f4       0x24 C:/Users/ferna/Documents/pos_emb_18se/CustomIDE/compiladores/avr/bin/../lib/gcc/avr/15.2.0/avr5\libgcc.a(_negsi2.o)
 .debug_info    0x00000618       0x24 C:/Users/ferna/Documents/pos_emb_18se/CustomIDE/compiladores/avr/bin/../lib/gcc/avr/15.2.0/avr5\libgcc.a(_exit.o)
 .debug_info    0x0000063c       0x24 C:/Users/ferna/Documents/pos_emb_18se/CustomIDE/compiladores/avr/bin/../lib/gcc/avr/15.2.0/avr5\libgcc.a(_prologue.o)
 .debug_info    0x00000660       0x24 C:/Users/ferna/Documents/pos_emb_18se/CustomIDE/compiladores/avr/bin/../lib/gcc/avr/15.2.0/avr5\libgcc.a(_epilogue.o)

.debug_abbrev   0x00000000      0x5f2
 *(.debug_abbrev)
 .debug_abbrev  0x00000000      0x5a2 C:/Users/ferna/Documents/pos_emb_18se/CustomIDE/compiladores/avr/bin/../lib/gcc/avr/15.2.0/../../../../avr/lib/avr5/crtatmega328p.o
 .debug_abbrev  0x000005a2       0x14 C:/Users/ferna/Documents/pos_emb_18se/CustomIDE/compiladores/avr/bin/../lib/gcc/avr/15.2.0/avr5\libgcc.a(_negsi2.o)
 .debug_abbrev  0x000005b6       0x14 C:/Users/ferna/Documents/pos_emb_18se/CustomIDE/compiladores/avr/bin/../lib/gcc/avr/15.2.0/avr5\libgcc.a(_exit.o)
 .debug_abbrev  0x000005ca       0x14 C:/Users/ferna/Documents/pos_emb_18se/CustomIDE/compiladores/avr/bin/../lib/gcc/avr/15.2.0/avr5\libgcc.a(_prologue.o)
 .debug_abbrev  0x000005de       0x14 C:/Users/ferna/Documents/pos_emb_18se/CustomIDE/compiladores/avr/bin/../lib/gcc/avr/15.2.0/avr5\libgcc.a(_epilogue.o)

.debug_line     0x00000000      0x293
 *(.debug_line .debug_line.* .debug_line_end)
 .debug_line    0x00000000       0x1d C:/Users/ferna/Documents/pos_emb_18se/CustomIDE/compiladores/avr/bin/../lib/gcc/avr/15.2.0/../../../../avr/lib/avr5/crtatmega328p.o
 .debug_line    0x0000001d       0x51 C:/Users/ferna/Documents/pos_emb_18se/CustomIDE/compiladores/avr/bin/../lib/gcc/avr/15.2.0/avr5\libgcc.a(_negsi2.o)
 .debug_line    0x0000006e       0x51 C:/Users/ferna/Documents/pos_emb_18se/CustomIDE/compiladores/avr/bin/../lib/gcc/avr/15.2.0/avr5\libgcc.a(_exit.o)
 .debug_line    0x000000bf       0xed C:/Users/ferna/Documents/pos_emb_18se/CustomIDE/compiladores/avr/bin/../lib/gcc/avr/15.2.0/avr5\libgcc.a(_prologue.o)
 .debug_line    0x000001ac       0xe7 C:/Users/ferna/Documents/pos_emb_18se/CustomIDE/compiladores/avr/bin/../lib/gcc/avr/15.2.0/avr5\libgcc.a(_epilogue.o)

.debug_frame
 *(.debug_frame)

.debug_str      0x00000000      0x270
 *(.debug_str)
 .debug_str     0x00000000      0x208 C:/Users/ferna/Documents/pos_emb_18se/CustomIDE/compiladores/avr/bin/../lib/gcc/avr/15.2.0/../../../../avr/lib/avr5/crtatmega328p.o
 .debug_str     0x00000208       0x68 C:/Users/ferna/Documents/pos_emb_18se/CustomIDE/compiladores/avr/bin/../lib/gcc/avr/15.2.0/avr5\libgcc.a(_negsi2.o)
 .debug_str     0x00000270        0x0 C:/Users/ferna/Documents/pos_emb_18se/CustomIDE/compiladores/avr/bin/../lib/gcc/avr/15.2.0/avr5\libgcc.a(_exit.o)
                                 0x68 (size before relaxing)
 .debug_str     0x00000270        0x0 C:/Users/ferna/Documents/pos_emb_18se/CustomIDE/compiladores/avr/bin/../lib/gcc/avr/15.2.0/avr5\libgcc.a(_prologue.o)
                                 0x68 (size before relaxing)
 .debug_str     0x00000270        0x0 C:/Users/ferna/Documents/pos_emb_18se/CustomIDE/compiladores/avr/bin/../lib/gcc/avr/15.2.0/avr5\libgcc.a(_epilogue.o)
                                 0x68 (size before relaxing)

.debug_loc
 *(.debug_loc)

.debug_macinfo
 *(.debug_macinfo)

.debug_weaknames
 *(.debug_weaknames)

.debug_funcnames
 *(.debug_funcnames)

.debug_typenames
 *(.debug_typenames)

.debug_varnames
 *(.debug_varnames)

.debug_pubtypes
 *(.debug_pubtypes)

.debug_ranges
 *(.debug_ranges)

.debug_addr
 *(.debug_addr)

.debug_line_str
                0x00000000       0x5c
 *(.debug_line_str)
 .debug_line_str
                0x00000000       0x5c C:/Users/ferna/Documents/pos_emb_18se/CustomIDE/compiladores/avr/bin/../lib/gcc/avr/15.2.0/avr5\libgcc.a(_negsi2.o)
 .debug_line_str
                0x0000005c        0x0 C:/Users/ferna/Documents/pos_emb_18se/CustomIDE/compiladores/avr/bin/../lib/gcc/avr/15.2.0/avr5\libgcc.a(_exit.o)
                                 0x5c (size before relaxing)
 .debug_line_str
                0x0000005c        0x0 C:/Users/ferna/Documents/pos_emb_18se/CustomIDE/compiladores/avr/bin/../lib/gcc/avr/15.2.0/avr5\libgcc.a(_prologue.o)
                                 0x5c (size before relaxing)
 .debug_line_str
                0x0000005c        0x0 C:/Users/ferna/Documents/pos_emb_18se/CustomIDE/compiladores/avr/bin/../lib/gcc/avr/15.2.0/avr5\libgcc.a(_epilogue.o)
                                 0x5c (size before relaxing)

.debug_loclists
 *(.debug_loclists)

.debug_macro
 *(.debug_macro)

.debug_names
 *(.debug_names)

.debug_rnglists
 *(.debug_rnglists)

.debug_str_offsets
 *(.debug_str_offsets)

.debug_sup
 *(.debug_sup)
OUTPUT(main.elf elf32-avr)
LOAD linker stubs
